error: failed to download from `https://crates.io/api/v1/crates/regex-syntax/0.8.2/download`

Caused by:
  [28] Timeout was reached (download of `regex-syntax v0.8.2` failed to transfer more than 10 bytes in 30s)
